задание: 2.1.1
проект: 211-command-usb
устройство: 2e8a:000a
серийный номер: 5054316520DB8A1C
порт: COM7
начало: 2026-09-22T15:04:29
   0.000 --> enable
   0.136 <-- enable
   0.137 <-- dbg read_line:67 got enable
   0.137 <-- inf handle_command:29 led on
   2.172 --> disable
   2.316 <-- disable
   2.317 <-- dbg read_line:67 got disable
   2.317 <-- inf handle_command:34 led off
   4.348 --> info
   4.437 <-- info
   4.437 <-- dbg read_line:67 got info
   4.438 <-- project: 211-command-usb
   4.439 <-- repo: https://github.com/arseniysabirov-as/es-student
   4.439 <-- board: pico
   4.439 <-- serial: 5054316520DB8A1C
   4.440 <-- chip: manufacturer 0x927, part 0x0000, revision 2
   4.441 <-- pico-sdk: 2.3.0
   6.472 --> nosuchcommand
   6.738 <-- nosuchcommand
   6.739 <-- dbg read_line:67 got nosuchcommand
   6.739 <-- err handle_command:46 unknown command: nosuchcommand
итог: отправлено команд 4, принято строк 17
