задание: 2.1.3
проект: 211-command-usb
устройство: 2e8a:000a
серийный номер: 5054316520DB8A1C
порт: COM7
начало: 2026-09-24T14:44:08
   0.000 --> mem_info
   0.173 <-- mem_info
   0.174 <-- dbg read_line:114 got mem_info
   0.175 <-- region          start        end     size
   0.176 <-- ----------------------------------------------
   0.176 <-- flash      0x10000000 0x10200000  2097152
   0.177 <-- sram       0x20000000 0x20042000   270336
   0.178 <-- rom        0x00000000 0x00004000    16384
   0.178 <-- ----------------------------------------------
   0.179 <-- image      0x10000000 0x100084fc    34044
   0.180 <-- free       0x100084fc 0x10200000  2063108
   0.180 <-- boot2      0x10000000 0x10000100      256
   0.181 <-- text       0x10000100 0x1000758c    29836
   0.182 <-- ----------------------------------------------
   0.183 <-- data flash 0x1000758c 0x100084fc     3952
   0.183 <-- data ram   0x200000c0 0x20001030     3952
   0.184 <-- bss        0x20001030 0x20001c6c     3132
   0.185 <-- heap       0x20001c6c 0x20040000   254868
   0.185 <-- stack      0x20041800 0x20042000     2048
   0.186 <-- ----------------------------------------------
   0.186 <-- total
   0.187 <-- flash image    34044 = boot2 256 + text 29836 + data 3952
   0.188 <-- flash free   2063108 of 2097152
   0.188 <-- ram used        7084 = data 3952 + bss 3132
   0.189 <-- ram free      254868 for heap and 2048 for stack
итог: отправлено команд 1, принято строк 24
