задание: 2.1.6
проект: 211-command-usb
устройство: 2e8a:000a
серийный номер: 5054316520DB8A1C
порт: COM7
начало: 2026-09-25T10:09:37
   0.000 --> boot_info
   0.182 <-- boot_info
   0.183 <-- dbg read_line:124 got boot_info
   0.183 <-- object           address     value
   0.184 <-- --------------------------------------------------
   0.185 <-- vector table     0x10000100
   0.185 <-- stack top                  0x20042000
   0.186 <-- reset                      0x100001f7
   0.187 <-- reset (even)               0x100001f6
   0.187 <-- gpio in          0xd0000004
   0.188 <-- led bit                    0x00000000
   0.189 <-- gpio_get                   0x00000000
   2.234 --> enable
   2.363 <-- enable
   2.364 <-- dbg read_line:124 got enable
   2.364 <-- inf cmd_enable:31 led on
   4.392 --> boot_info
   4.584 <-- boot_info
   4.585 <-- dbg read_line:124 got boot_info
   4.585 <-- object           address     value
   4.586 <-- --------------------------------------------------
   4.587 <-- vector table     0x10000100
   4.587 <-- stack top                  0x20042000
   4.588 <-- reset                      0x100001f7
   4.588 <-- reset (even)               0x100001f6
   4.589 <-- gpio in          0xd0000004
   4.589 <-- led bit                    0x00000001
   4.590 <-- gpio_get                   0x00000001
   6.643 --> disable
   6.785 <-- disable
   6.786 <-- dbg read_line:124 got disable
   6.786 <-- inf cmd_disable:38 led off
   8.811 --> boot_info
   9.006 <-- boot_info
   9.007 <-- dbg read_line:124 got boot_info
   9.007 <-- object           address     value
   9.008 <-- --------------------------------------------------
   9.009 <-- vector table     0x10000100
   9.009 <-- stack top                  0x20042000
   9.010 <-- reset                      0x100001f7
   9.010 <-- reset (even)               0x100001f6
   9.011 <-- gpio in          0xd0000004
   9.011 <-- led bit                    0x00000000
   9.012 <-- gpio_get                   0x00000000
итог: отправлено команд 5, принято строк 39
